=== Q_n benchmark (n=2..3) ===
SAT exact through Q_3; larger graphs use fast estimates.

Starting Q_2 (2^2 = 4 vertices)...
Q_2 (|V|=4): lambda=4, time=0.010893s
Starting Q_3 (2^3 = 8 vertices)...
Q_3 (|V|=8): lambda=6, time=0.003545s

=
Exported: results/ket_qua_Q_extended_cadical195.csv
=== Q_n benchmark (n=11..50) ===
SAT exact through Q_6; larger graphs use fast estimates.

Starting Q_11 (2^11 = 2048 vertices)...
Q_11 (|V|=2048): status=FEASIBLE_ESTIMATE, time=0.0s
Starting Q_12 (2^12 = 4096 vertices)...
Q_12 (|V|=4096): status=FEASIBLE_ESTIMATE, time=0.0s
Starting Q_13 (2^13 = 8192 vertices)...
Q_13 (|V|=8192): status=FEASIBLE_ESTIMATE, time=0.0s
Starting Q_14 (2^14 = 16384 vertices)...
Q_14 (|V|=16384): status=FEASIBLE_ESTIMATE, time=0.0s
Starting Q_15 (2^15 = 32768 vertices)...
Q_15 (|V|=32768): status=FEASIBLE_ESTIMATE, time=0.0s
Starting Q_16 (2^16 = 65536 vertices)...
Q_16 (|V|=65536): status=FEASIBLE_ESTIMATE, time=0.0s
Starting Q_17 (2^17 = 131072 vertices)...
Q_17 (|V|=131072): status=FEASIBLE_ESTIMATE, time=0.0s
Starting Q_18 (2^18 = 262144 vertices)...
Q_18 (|V|=262144): status=FEASIBLE_ESTIMATE, time=0.0s
Starting Q_19 (2^19 = 524288 vertices)...
Q_19 (|V|=524288): status=FEASIBLE_ESTIMATE, time=0.0s
Starting Q_20 (2^20 = 1048576 vertices)...
Q_20 (|V|=1048576): status=FEASIBLE_ESTIMATE, time=0.0s
Starting Q_21 (2^21 = 2097152 vertices)...
Q_21 (|V|=2097152): status=FEASIBLE_ESTIMATE, time=0.0s
Starting Q_22 (2^22 = 4194304 vertices)...
Q_22 (|V|=4194304): status=FEASIBLE_ESTIMATE, time=0.0s
Starting Q_23 (2^23 = 8388608 vertices)...
Q_23 (|V|=8388608): status=FEASIBLE_ESTIMATE, time=0.0s
Starting Q_24 (2^24 = 16777216 vertices)...
Q_24 (|V|=16777216): status=FEASIBLE_ESTIMATE, time=0.0s
Starting Q_25 (2^25 = 33554432 vertices)...
Q_25 (|V|=33554432): status=FEASIBLE_ESTIMATE, time=0.0s
Starting Q_26 (2^26 = 67108864 vertices)...
Q_26 (|V|=67108864): status=FEASIBLE_ESTIMATE, time=0.0s
Starting Q_27 (2^27 = 134217728 vertices)...
Q_27 (|V|=134217728): status=FEASIBLE_ESTIMATE, time=0.0s
Starting Q_28 (2^28 = 268435456 vertices)...
Q_28 (|V|=268435456): status=FEASIBLE_ESTIMATE, time=0.0s
Starting Q_29 (2^29 = 536870912 vertices)...
Q_29 (|V|=536870912): status=FEASIBLE_ESTIMATE, time=0.0s
Starting Q_30 (2^30 = 1073741824 vertices)...
Q_30 (|V|=1073741824): status=FEASIBLE_ESTIMATE, time=0.0s
Starting Q_31 (2^31 = 2147483648 vertices)...
Q_31 (|V|=2147483648): status=FEASIBLE_ESTIMATE, time=0.0s
Starting Q_32 (2^32 = 4294967296 vertices)...
Q_32 (|V|=4294967296): status=FEASIBLE_ESTIMATE, time=0.0s
Starting Q_33 (2^33 = 8589934592 vertices)...
Q_33 (|V|=8589934592): status=FEASIBLE_ESTIMATE, time=0.0s
Starting Q_34 (2^34 = 17179869184 vertices)...
Q_34 (|V|=17179869184): status=FEASIBLE_ESTIMATE, time=0.0s
Starting Q_35 (2^35 = 34359738368 vertices)...
Q_35 (|V|=34359738368): status=FEASIBLE_ESTIMATE, time=0.0s
Starting Q_36 (2^36 = 68719476736 vertices)...
Q_36 (|V|=68719476736): status=FEASIBLE_ESTIMATE, time=0.0s
Starting Q_37 (2^37 = 137438953472 vertices)...
Q_37 (|V|=137438953472): status=FEASIBLE_ESTIMATE, time=0.0s
Starting Q_38 (2^38 = 274877906944 vertices)...
Q_38 (|V|=274877906944): status=FEASIBLE_ESTIMATE, time=0.0s
Starting Q_39 (2^39 = 549755813888 vertices)...
Q_39 (|V|=549755813888): status=FEASIBLE_ESTIMATE, time=0.0s
Starting Q_40 (2^40 = 1099511627776 vertices)...
Q_40 (|V|=1099511627776): status=FEASIBLE_ESTIMATE, time=0.0s
Starting Q_41 (2^41 = 2199023255552 vertices)...
Q_41 (|V|=2199023255552): status=FEASIBLE_ESTIMATE, time=0.0s
Starting Q_42 (2^42 = 4398046511104 vertices)...
Q_42 (|V|=4398046511104): status=FEASIBLE_ESTIMATE, time=0.0s
Starting Q_43 (2^43 = 8796093022208 vertices)...
Q_43 (|V|=8796093022208): status=FEASIBLE_ESTIMATE, time=0.0s
Starting Q_44 (2^44 = 17592186044416 vertices)...
Q_44 (|V|=17592186044416): status=FEASIBLE_ESTIMATE, time=0.0s
Starting Q_45 (2^45 = 35184372088832 vertices)...
Q_45 (|V|=35184372088832): status=FEASIBLE_ESTIMATE, time=0.0s
Starting Q_46 (2^46 = 70368744177664 vertices)...
Q_46 (|V|=70368744177664): status=FEASIBLE_ESTIMATE, time=0.0s
Starting Q_47 (2^47 = 140737488355328 vertices)...
Q_47 (|V|=140737488355328): status=FEASIBLE_ESTIMATE, time=0.0s
Starting Q_48 (2^48 = 281474976710656 vertices)...
Q_48 (|V|=281474976710656): status=FEASIBLE_ESTIMATE, time=0.0s
Starting Q_49 (2^49 = 562949953421312 vertices)...
Q_49 (|V|=562949953421312): status=FEASIBLE_ESTIMATE, time=0.0s
Starting Q_50 (2^50 = 1125899906842624 vertices)...
Q_50 (|V|=1125899906842624): status=FEASIBLE_ESTIMATE, time=0.0s

=
Exported: results/ket_qua_Q_extended_cadical195.csv
Error in Q_2: (0, 0)
Error in Q_2: (0, 0)
Error in Q_2: (0, 0)
