C_3: lambda=4, status=OPT
C_4: lambda=4, status=OPT
K_3: lambda=4, status=OPT
K_4: lambda=6, status=OPT
Q_3: lambda=6, status=OPT
Q_4: lambda=8, status=FEASIBLE_ESTIMATE
Exported: results/ket_qua_hybrid_smoke.csv
C_3: lambda=4, status=OPT
C_4: lambda=4, status=OPT
C_5: lambda=4, status=OPT
C_6: lambda=4, status=OPT
C_7: lambda=4, status=OPT
C_8: lambda=4, status=OPT
C_9: lambda=4, status=OPT
C_10: lambda=4, status=OPT
C_11: lambda=4, status=OPT
C_12: lambda=4, status=OPT
C_13: lambda=4, status=OPT
C_14: lambda=4, status=OPT
C_15: lambda=4, status=OPT
C_16: lambda=4, status=OPT
C_17: lambda=4, status=OPT
C_18: lambda=4, status=OPT
C_19: lambda=4, status=OPT
C_20: lambda=4, status=OPT
C_21: lambda=4, status=OPT
C_22: lambda=4, status=OPT
C_23: lambda=4, status=OPT
C_24: lambda=4, status=OPT
C_25: lambda=4, status=OPT
C_26: lambda=4, status=OPT
C_27: lambda=4, status=OPT
C_28: lambda=4, status=OPT
C_29: lambda=4, status=OPT
C_30: lambda=4, status=OPT
C_31: lambda=4, status=OPT
C_32: lambda=4, status=OPT
C_33: lambda=4, status=OPT
C_34: lambda=4, status=OPT
C_35: lambda=4, status=OPT
C_36: lambda=4, status=OPT
C_37: lambda=4, status=OPT
C_38: lambda=4, status=OPT
C_39: lambda=4, status=OPT
C_40: lambda=4, status=OPT
C_41: lambda=4, status=OPT
C_42: lambda=4, status=OPT
C_43: lambda=4, status=OPT
C_44: lambda=4, status=OPT
C_45: lambda=4, status=OPT
C_46: lambda=4, status=OPT
C_47: lambda=4, status=OPT
C_48: lambda=4, status=OPT
C_49: lambda=4, status=OPT
C_50: lambda=4, status=OPT
K_3: lambda=4, status=OPT
K_4: lambda=6, status=OPT
K_5: lambda=8, status=OPT
K_6: lambda=10, status=OPT
K_7: lambda=12, status=OPT
K_8: lambda=14, status=OPT
K_9: lambda=16, status=OPT
K_10: lambda=18, status=OPT
K_11: lambda=20, status=OPT
K_12: lambda=22, status=OPT
K_13: lambda=24, status=OPT
